src/services/promptService.ts(154,19): error TS1127: Invalid character.
src/services/promptService.ts(154,20): error TS1136: Property assignment expected.
src/services/promptService.ts(186,1): error TS1160: Unterminated template literal.
src/services/visual/qualityAssurance.ts(13,28): error TS1127: Invalid character.
src/services/visual/qualityAssurance.ts(13,29): error TS1134: Variable declaration expected.
src/services/visual/qualityAssurance.ts(79,1): error TS1005: '}' expected.
src/services/visual/qualityAssurance.ts(79,1): error TS1160: Unterminated template literal.
